


juː hæv fˈɔː͡ɹ nˈuː mˈɛsɪd͡ʒᵻz

ðə fˈɜːst ɪz fɹʌm stˈɛfəni wˈɪljəmz ænd ɚɹˈa͡ɪvd æt
θɹˈiː fˈɔː͡ɹɾi fˈa͡ɪv pˌiːˈɛm

ðə sˈʌbd͡ʒɛkt ɪz skˈiː tɹˈɪp



